start 2026-09-18 16:50:24
[seed-path] seed built: depth=12 player=13 nblocks=2 nholes=1 committed_pop=13
38 (1.4s)
  O$...   A=[UR]
  OAB..   B=[RL]
  .C.DO   C=[URL]
  .EF.@   D=[R]
  .....   E=[U]
            F=[R]

57 (4.1s)
  O$...   A=[UR]
  .ABC.   B=[RD]
  D.@E.   C=[RD]
  .OFG.   D=[D]
  O....   E=[L]
            F=[UL]
            G=[L]

61 (30.4s)
  O$.AO   A=[R]
  .BC.#   B=[UR]
  ..DE@   C=[URDL]
  .FG..   D=[RD]
  ....O   E=[L]
            F=[DL]
            G=[UR]

62 (31.7s)
  O$OA.   A=[R]
  ..B.#   B=[URDL]
  CDEFO   C=[D]
  @G.H.   D=[UR]
  .....   E=[U]
            F=[L]
            G=[UR]
            H=[UR]

67 (2.8m)
  O$..O   A=[UR]
  .ABCD   B=[RD]
  E.@F.   C=[UR]
  .GHI.   D=[D]
  O....   E=[D]
            F=[L]
            G=[R]
            H=[D]
            I=[UL]

77 (3.7m)
  O$OA.   A=[L]
  .BCD.   B=[UR]
  E.@F.   C=[R]
  .GHI.   D=[RD]
  O....   E=[D]
            F=[L]
            G=[R]
            H=[DL]
            I=[UL]

85 (4.1m)
  O$OAO   A=[R]
  .BC.#   B=[UR]
  ..DE@   C=[URDL]
  .FG..   D=[RD]
  .....   E=[L]
            F=[UR]
            G=[UR]

91 (6.3m)
  O$O.O   A=[UR]
  .ABC#   B=[RD]
  ..@D.   C=[UR]
  .EFG.   D=[L]
  .....   E=[UR]
            F=[R]
            G=[UL]

99 (7.0m)
  O$O..   A=[UR]
  .ABC#   B=[RD]
  .DOE@   C=[UR]
  .FGH.   D=[R]
  .....   E=[L]
            F=[UR]
            G=[R]
            H=[UL]

114 (1.5h)
  O$...   A=[UR]
  .A.B.   B=[D]
  C@DE.   C=[D]
  .F.GH   D=[D]
  OI..O   E=[RL]
            F=[D]
            G=[URDL]
            H=[U]
            I=[R]

