2026-09-19 22:08:22 loop start (workers 2, cap 200 CPU-h)
2026-09-19 22:09:30 b7_h2 estimate: sum 7.220000000000001 h dedup-free ( e0:0.48h e1:1.90h e2:0.44h e6:3.41h e7:0.83h e12:0.16h); calibrated ~50.5 CPU-h
2026-09-19 22:09:30 START b7_h2 campaign
2026-09-20 18:13:02 DONE b7_h2: e0:124, e1:149, e2:104, e6:124, e7:102, e12:80
2026-09-20 18:13:51 b5_h3 estimate: sum 5.48 h dedup-free ( e0:1.21h e1:3.59h e2:0.16h e6:0.12h e7:0.37h e12:0.03h); calibrated ~38.4 CPU-h
2026-09-20 18:13:51 START b5_h3 campaign
2026-09-20 18:47:18 PAUSED by user (loop, driver and workers killed; resume: rm results/prove_loop.stop; bash results/prove_loop.sh)
2026-09-20 20:06:21 loop start (workers 2, cap 200 CPU-h)
2026-09-20 20:07:18 b5_h3 estimate: sum 5.48 h dedup-free ( e0:1.89h e1:2.82h e2:0.40h e6:0.18h e7:0.16h e12:0.03h); calibrated ~38.4 CPU-h
2026-09-20 20:07:18 START b5_h3 campaign
2026-09-20 20:07:19 PUBLISH FAILED b5_h3 (campaign not exhausted?) -- will retry on next loop pass
2026-09-20 20:08:18 resume refused by campaign.py (saved extra had auto-added transit); comparison fixed, relaunching
2026-09-20 20:08:18 loop start (workers 2, cap 200 CPU-h)
2026-09-20 20:09:08 b5_h3 estimate: sum 5.870000000000001 h dedup-free ( e0:2.92h e1:0.60h e2:0.86h e6:1.03h e7:0.19h e12:0.27h); calibrated ~41.1 CPU-h
2026-09-20 20:09:08 START b5_h3 campaign
2026-09-21 01:44:53 DONE b5_h3: e0:127, e1:126, e2:94, e6:102, e7:115, e12:67
2026-09-21 01:46:02 b8_h2 estimate: sum 12.45 h dedup-free ( e0:2.37h e1:2.20h e2:0.58h e6:2.33h e7:3.95h e12:1.02h); calibrated ~87.1 CPU-h
2026-09-21 01:46:02 START b8_h2 campaign
2026-09-21 09:26:23 queue edit: dropped b8_h2 and b9_h2 (subclasses of the exhausted <=2-hole class; site already badges them via the derived <=2-hole proof)
2026-09-21 09:26:53 PUBLISH FAILED b8_h2 (campaign not exhausted?) -- will retry on next loop pass
2026-09-21 09:26:53 killed redundant b8_h2 campaign (7h40m spent)
2026-09-21 09:28:45 loop patched: per-exit cap selection; restarting
2026-09-21 09:28:45 loop start (workers 2, cap 200 CPU-h)
2026-09-21 09:29:54 b6_h3 estimate: sum 112.88 h dedup-free ( e0:8.91h e1:13.55h e2:0.51h e6:85.24h e7:4.57h e12:0.10h); calibrated ~790.2 CPU-h; run exits [0,1,2,7,12] skip exits [6] (per-exit cap 200 CPU-h)
2026-09-21 09:29:54 START b6_h3 campaign on exits 0,1,2,7,12
2026-09-21 09:35:24 stopped b6_h3 shuffled campaign; switching to one-exit-at-a-time, easiest first
2026-09-21 09:35:24 loop start (workers 2, one exit at a time, easiest first)
2026-09-21 09:36:38 b7_h2 estimates (h, dedup-free): e0:0.32 e1:1.06 e2:0.34 e6:1.20 e7:0.97 e12:0.45 
2026-09-21 09:37:32 b5_h3 estimates (h, dedup-free): e0:0.39 e1:1.10 e2:0.27 e6:0.25 e7:0.69 e12:0.02 
2026-09-21 09:38:42 b6_h3 estimates (h, dedup-free): e0:6.21 e1:5.86 e2:0.89 e6:2.01 e7:1.13 e12:0.33 
2026-09-21 09:40:05 b7_h3 estimates (h, dedup-free): e0:2.33 e1:3.04 e2:3.71 e6:9.10 e7:2.28 e12:0.53 
2026-09-21 09:41:33 b8_h3 estimates (h, dedup-free): e0:3.67 e1:7.91 e2:2.25 e6:25.52 e7:5.00 e12:7.30 
2026-09-21 09:43:02 bx_h3 estimates (h, dedup-free): e0:3.60 e1:91339.07 e2:6.46 e6:6.69 e7:12.64 e12:1.81 
2026-09-21 09:43:02 START b5_h3 e12 (est 0.02 h dedup-free, ~0.1 CPU-h)
2026-09-21 09:43:30 removed already-proven classes b7_h2/b5_h3 from queue+estimates (old whole-class DONE markers); restarting
2026-09-21 09:43:30 loop start (workers 2, one exit at a time, easiest first)
2026-09-21 09:43:31 START b6_h3 e12 (est 0.33 h dedup-free, ~2.3 CPU-h)
2026-09-21 09:44:16 loop: added COVERED skip (superclass proof at the same exit); restarting (b6_h3 e12 resumes)
2026-09-21 09:44:16 loop start (workers 2, one exit at a time, easiest first)
2026-09-21 09:44:16 START b6_h3 e12 (est 0.33 h dedup-free, ~2.3 CPU-h)
2026-09-21 09:48:33 loop: COVERED now requires a witness champion inside the subclass (results/covered_by_witness.py); restarting (b6_h3 e12 resumes)
2026-09-21 09:48:33 loop start (workers 2, one exit at a time, easiest first)
2026-09-21 09:48:33 START b6_h3 e12 (est 0.33 h dedup-free, ~2.3 CPU-h)
2026-09-21 10:04:37 DONE b6_h3 e12: e12:71  cpu 32m36s
2026-09-21 10:04:37 START b7_h3 e12 (est 0.53 h dedup-free, ~3.7 CPU-h)
2026-09-21 10:27:10 user: prioritise <=5 blocks any holes (b5_hx), exit 12 first then by estimate; loop restarted (waits for the running b6_h3 e2 campaign to finish)
2026-09-21 10:27:10 loop start (workers 2, one exit at a time, easiest first)
2026-09-21 10:53:42 START b5_hx e12 (est 0.05 h dedup-free, ~0.4 CPU-h)
2026-09-21 10:59:54 DONE b5_hx e12: e12:67  cpu 6m51s
2026-09-21 10:59:54 START b5_hx e2 (est 0.35 h dedup-free, ~2.4 CPU-h)
