[seed-path] seed built: depth=21 player=14 nblocks=2 nholes=1 committed_pop=18
58 (2.1s)
  O$.A.   A=[R]
  @BC.O   B=[UR]
  .D.E.   C=[URDL]
  FG.#.   D=[RD]
  ..O..   E=[L]
            F=[D]
            G=[UR]

69 (4.0s)
  O$.A.   A=[R]
  OBC.O   B=[UR]
  ..DE@   C=[URDL]
  .F.#.   D=[URD]
  .....   E=[L]
            F=[UL]

73 (6.7s)
  O$.A.   A=[R]
  OBC.O   B=[UR]
  D.EF@   C=[URDL]
  .G.#.   D=[U]
  .....   E=[URD]
            F=[L]
            G=[DL]

81 (8.2s)
  O$.A.   A=[R]
  .BC.O   B=[UR]
  .D.E.   C=[URDL]
  .F.#.   D=[RD]
  @#O..   E=[L]
            F=[UR]

93 (25.7s)
  O$.AO   A=[R]
  .BC.#   B=[UR]
  ..DE@   C=[URDL]
  .F.G.   D=[DL]
  O..H.   E=[L]
            F=[UD]
            G=[RL]
            H=[L]

113 (35.9s)
  O$..O   A=[UR]
  .AB.#   B=[DL]
  C.@D.   C=[D]
  .EFG.   D=[L]
  O....   E=[UR]
            F=[R]
            G=[UDL]

149 (2.1m)
  O$..O   A=[UR]
  .ABC#   B=[RDL]
  .D@..   C=[UR]
  .EFG.   D=[RL]
  .....   E=[UR]
            F=[R]
            G=[UDL]

--- Exit 1 (exhausted) ---
  elapsed:        275.877 s
  states checked: 3365546 (shortcut 1152301, dedup 355052)
  WBPROF walk/committed  calls         15  pruned   0.0%  solver time     0.39 s ( 0.2%)  pops 515385
  WBPROF walk/new-cell   calls     449514  pruned  81.7%  solver time    47.68 s (23.9%)  pops 191764902
  WBPROF push-ex/committ calls     495778  pruned  49.6%  solver time    77.40 s (38.8%)  pops 293115856
  WBPROF push-ex/new-cel calls     178816  pruned  93.4%  solver time    20.48 s (10.3%)  pops 80558141
  WBPROF new-block       calls     165782  pruned  53.6%  solver time    21.99 s (11.0%)  pops 77280227
  WBPROF un-consume      calls     216613  pruned  31.9%  solver time    31.33 s (15.7%)  pops 123172964
  WBPROF bulk: label-pops 303862208  distinct expansions 199959668
  accepted:       1858193  (walk-segment pruned before check: 662070)
  bulk walk-back: 381093 multi-solves covering 1503976 starts (3.9/solve), 3 fallbacks, 65.61 s
  solver calls:   1887611
  shallow / recent: 2948053 / 2948053  (evicts 0 / 0)
  stack peak:     250
  best depth:     149  (verify 149 OK)

=== Backward search complete ===
Total elapsed:     275.88 s (no time limit)
Exits searched:    1 / 1
States checked:    3365546
  pruned shortcut: 1152301
  pruned dedup:    355052
Solver calls:      1887611
Best depth:        149  (exit 1)

  O$..O   A=[UR]
  .ABC#   B=[RDL]
  .D@..   C=[UR]
  .EFG.   D=[RL]
  .....   E=[UR]
            F=[R]
            G=[UDL]
