[seed-path] seed built: depth=21 player=14 nblocks=2 nholes=1 committed_pop=18
58 (1.8s)
  O$.A.   A=[R]
  @BC.O   B=[UR]
  .D.E.   C=[URDL]
  FG.#.   D=[RD]
  ..O..   E=[L]
            F=[D]
            G=[UR]

81 (3.1s)
  O$.A.   A=[R]
  .BC.O   B=[UR]
  .D.E.   C=[URDL]
  .F.#.   D=[RD]
  @#O..   E=[L]
            F=[UR]

93 (18.6s)
  O$.AO   A=[R]
  .BC.#   B=[UR]
  ..DE@   C=[URDL]
  .F.G.   D=[DL]
  O..H.   E=[L]
            F=[UD]
            G=[RL]
            H=[L]

113 (26.5s)
  O$..O   A=[UR]
  .AB.#   B=[DL]
  C.@D.   C=[D]
  .EFG.   D=[L]
  O....   E=[UR]
            F=[R]
            G=[UDL]

149 (1.7m)
  O$..O   A=[UR]
  OABC#   B=[RDL]
  .D@..   C=[UR]
  EFGH.   D=[RL]
  .....   E=[U]
            F=[UR]
            G=[R]
            H=[UDL]

--- Exit 1 (exhausted) ---
  elapsed:        249.651 s
  states checked: 3199421 (shortcut 1023111, dedup 318117)
  WBPROF walk/committed calls    1342878  pruned   5.1%  solver time   106.61 s (43.5%)  pops 712683567
  WBPROF walk/new-cell  calls     464801  pruned  80.5%  solver time    33.16 s (13.5%)  pops 197425462
  WBPROF push-type      calls    1073625  pruned  54.0%  solver time   105.26 s (43.0%)  pops 586412263
  WBPROF bulk: label-pops 0  distinct expansions 0
  accepted:       1858193  (walk-segment pruned before check: 14908)
  solver calls:   2881304
  shallow / recent: 2826588 / 2826588  (evicts 0 / 0)
  stack peak:     69
  best depth:     149  (verify 149 OK)

=== Backward search complete ===
Total elapsed:     249.65 s (no time limit)
Exits searched:    1 / 1
States checked:    3199421
  pruned shortcut: 1023111
  pruned dedup:    318117
Solver calls:      2881304
Best depth:        149  (exit 1)

  O$..O   A=[UR]
  OABC#   B=[RDL]
  .D@..   C=[UR]
  EFGH.   D=[RL]
  .....   E=[U]
            F=[UR]
            G=[R]
            H=[UDL]
