56 (2.8s)
  ..#..@   A=[D]
  .A$B#.   B=[D]
  ..CD..   C=[UR]
  EF.##.   D=[L]
  .#..#.   E=[D]
  #...G.   F=[L]
            G=[L]

62 (4.7s)
  ..#...   A=[D]
  .A$B#.   B=[D]
  ..C...   C=[UR]
  .D@##.   D=[RD]
  #EF...   E=[UL]
  #.....   F=[R]

66 (5.8s)
  ..#...   A=[D]
  .A$B#.   B=[D]
  ..C...   C=[UR]
  .D@#..   D=[RD]
  #EF.#.   E=[UL]
  #.....   F=[L]

70 (30.0s)
  ..#...   A=[D]
  .A$B..   B=[D]
  ..CDE.   C=[UR]
  .#@#..   D=[R]
  ..##F.   E=[U]
  #.....   F=[U]

72 (1.4m)
  .....#   A=[U]
  AB$C..   B=[RL]
  .#.DE.   C=[D]
  @F.#..   D=[R]
  .G..#.   E=[U]
  #.....   F=[DL]
            G=[D]

76 (1.5m)
  #....#   A=[RL]
  @A$B..   B=[D]
  .#.CD.   C=[R]
  .E.#..   D=[U]
  FG..#.   E=[DL]
  ......   F=[D]
            G=[D]

80 (1.7m)
  ......   A=[R]
  .A$B..   B=[U]
  .#.CD.   C=[R]
  .#....   D=[U]
  EFG##.   E=[U]
  @#....   F=[UR]
            G=[U]

88 (1.7m)
  #.....   A=[R]
  @A$B#.   B=[U]
  C#.D..   C=[D]
  .#.E..   D=[R]
  .F.##.   E=[UL]
  .#....   F=[UR]

92 (1.7m)
  #.....   A=[R]
  @A$B..   B=[U]
  C#.DE.   C=[D]
  .#.F..   D=[R]
  .G.##.   E=[U]
  .#....   F=[UL]
            G=[UR]

97 (1.9m)
  #.....   A=[RL]
  .A$B..   B=[D]
  .C.DE.   C=[U]
  ..##..   D=[R]
  .#@FG.   E=[U]
  ...#..   F=[RD]
            G=[U]

--- Exit 8 (time cap) ---
  elapsed:        240.095 s
  states checked: 5426440 (shortcut 0, dedup 0)
  solver calls:   47142155
  shallow / recent: 5 / 5  (evicts 0 / 0)
  stack peak:     5
  best depth:     97  (verify 97 OK)

=== Backward search complete ===
Total elapsed:     240.09 s (cap 240.00 s)
Exits searched:    1 / 1
States checked:    5426440
  pruned shortcut: 0
  pruned dedup:    0
Solver calls:      47142155
Best depth:        97  (exit 8)

  #.....   A=[RL]
  .A$B..   B=[D]
  .C.DE.   C=[U]
  ..##..   D=[R]
  .#@FG.   E=[U]
  ...#..   F=[RD]
            G=[U]

Solver-call profile (by state depth):
  depth   calls       time(s)   %calls  %time   cum%time
    1         2200      0.000     0.0%    0.0%     0.0%
    2         2200      0.001     0.0%    0.0%     0.0%
    3         3201      0.002     0.0%    0.0%     0.0%
    4         3113      0.002     0.0%    0.0%     0.0%
    5         3317      0.003     0.0%    0.0%     0.0%
    6         3301      0.004     0.0%    0.0%     0.0%
    7         3350      0.003     0.0%    0.0%     0.0%
    8         3395      0.006     0.0%    0.0%     0.0%
    9       125488      0.026     0.3%    0.0%     0.0%
   10       118354      0.034     0.3%    0.0%     0.0%
   11       120202      0.046     0.3%    0.0%     0.1%
   12       109950      0.056     0.2%    0.0%     0.1%
   13       105562      0.070     0.2%    0.0%     0.1%
   14        99627      0.081     0.2%    0.0%     0.1%
   15        98167      0.092     0.2%    0.0%     0.2%
   16        87184      0.102     0.2%    0.0%     0.2%
   17      1905695      0.570     4.0%    0.2%     0.5%
   18      1531984      0.602     3.2%    0.3%     0.7%
   19      1749192      0.688     3.7%    0.3%     1.0%
   20      1065936      0.654     2.3%    0.3%     1.3%
   21       740122      0.580     1.6%    0.2%     1.5%
   22       435565      0.543     0.9%    0.2%     1.8%
   23       291469      0.473     0.6%    0.2%     2.0%
   24       189932      0.479     0.4%    0.2%     2.2%
   25      1938158      1.764     4.1%    0.7%     2.9%
   26      1268310      1.608     2.7%    0.7%     3.6%
   27       951053      1.585     2.0%    0.7%     4.2%
   28       799388      1.765     1.7%    0.7%     5.0%
   29       628289      1.752     1.3%    0.7%     5.7%
   30       520892      1.809     1.1%    0.8%     6.5%
   31       419092      1.769     0.9%    0.7%     7.2%
   32       359542      1.819     0.8%    0.8%     8.0%
   33      1788729      2.491     3.8%    1.0%     9.1%
   34      1517328      2.423     3.2%    1.0%    10.1%
   35      1244633      2.202     2.6%    0.9%    11.0%
   36      1129414      2.299     2.4%    1.0%    12.0%
   37       916373      2.122     1.9%    0.9%    12.9%
   38       781450      2.072     1.7%    0.9%    13.7%
   39       660923      1.879     1.4%    0.8%    14.5%
   40       442286      1.651     0.9%    0.7%    15.2%
   41      1788993      4.275     3.8%    1.8%    17.0%
   42      1307687      3.685     2.8%    1.6%    18.6%
   43       927368      2.976     2.0%    1.3%    19.8%
   44       750996      2.488     1.6%    1.0%    20.9%
   45       563947      2.236     1.2%    0.9%    21.8%
   46       472713      1.978     1.0%    0.8%    22.7%
   47       365173      1.824     0.8%    0.8%    23.4%
   48       309886      1.705     0.7%    0.7%    24.1%
   49      1596221      6.746     3.4%    2.8%    27.0%
   50      1272897      6.236     2.7%    2.6%    29.6%
   51       998828      5.384     2.1%    2.3%    31.9%
   52       813134      4.612     1.7%    1.9%    33.8%
   53       755814      4.589     1.6%    1.9%    35.8%
   54       711144      4.682     1.5%    2.0%    37.7%
   55       602978      3.885     1.3%    1.6%    39.4%
   56       500024      3.554     1.1%    1.5%    40.9%
   57      1476405      9.225     3.1%    3.9%    44.8%
   58      1092729      6.818     2.3%    2.9%    47.6%
   59       581989      5.633     1.2%    2.4%    50.0%
   60       436307      4.540     0.9%    1.9%    51.9%
   61       343851      4.172     0.7%    1.8%    53.7%
   62       277764      3.842     0.6%    1.6%    55.3%
   63       222416      2.796     0.5%    1.2%    56.5%
   64       163805      2.079     0.3%    0.9%    57.4%
   65       657582      8.334     1.4%    3.5%    60.9%
   66       540752      7.540     1.1%    3.2%    64.1%
   67       416874      5.486     0.9%    2.3%    66.4%
   68       317267      5.539     0.7%    2.3%    68.7%
   69       245345      3.872     0.5%    1.6%    70.3%
   70       178463      2.990     0.4%    1.3%    71.6%
   71       118278      1.978     0.3%    0.8%    72.4%
   72        86149      1.183     0.2%    0.5%    72.9%
   73       276923      4.457     0.6%    1.9%    74.8%
   74       207766      3.350     0.4%    1.4%    76.2%
   75       148313      2.800     0.3%    1.2%    77.4%
   76       119538      2.032     0.3%    0.9%    78.3%
   77        84327      2.217     0.2%    0.9%    79.2%
   78        77356      1.534     0.2%    0.6%    79.8%
   79        51771      1.221     0.1%    0.5%    80.3%
   80        41133      0.769     0.1%    0.3%    80.7%
   81       147996      4.884     0.3%    2.1%    82.7%
   82       103107      2.653     0.2%    1.1%    83.8%
   83       111576      3.918     0.2%    1.7%    85.5%
   84        55156      1.661     0.1%    0.7%    86.2%
   85        46069      1.027     0.1%    0.4%    86.6%
   86        34804      0.919     0.1%    0.4%    87.0%
   87        42165      1.046     0.1%    0.4%    87.5%
   88        26760      0.670     0.1%    0.3%    87.7%
   89       109057      2.681     0.2%    1.1%    88.9%
   90        56599      1.529     0.1%    0.6%    89.5%
   91        56790      2.027     0.1%    0.9%    90.4%
   92        41601      1.227     0.1%    0.5%    90.9%
   93        34949      1.354     0.1%    0.6%    91.5%
   94        36676      1.206     0.1%    0.5%    92.0%
   95       173578     19.057     0.4%    8.0%   100.0%
  total   47142155    237.248 s
