32 (2.9s)
  #.A.#.   A=[L]
  .#$B.C   B=[UL]
  D.EF#.   C=[U]
  .##...   D=[U]
  ..#...   E=[R]
  .G@H.#   F=[D]
            G=[L]
            H=[R]

40 (22.3s)
  .A...#   A=[R]
  .B$C.#   B=[U]
  .D.EF.   C=[RL]
  ..G...   D=[R]
  #.HI.@   E=[U]
  ##..J.   F=[U]
            G=[D]
            H=[L]
            I=[U]
            J=[L]

48 (39.3s)
  .##..#   A=[R]
  .A$B..   B=[D]
  CD.E.F   C=[U]
  ..GH..   D=[D]
  ....#.   E=[R]
  @#....   F=[U]
            G=[U]
            H=[R]

56 (51.0s)
  #.....   A=[RD]
  .A$#..   B=[U]
  .BC.#.   C=[L]
  @D.E..   D=[R]
  F#.G.H   E=[R]
  ......   F=[U]
            G=[L]
            H=[U]

64 (1.2m)
  #.....   A=[RD]
  .A$#..   B=[U]
  .BC.#.   C=[R]
  @D..E.   D=[R]
  .#.FGH   E=[UR]
  ......   F=[U]
            G=[D]
            H=[D]

72 (1.4m)
  #.....   A=[RD]
  .A$#..   B=[U]
  .BC.#.   C=[R]
  .D..EF   D=[R]
  .#.GH@   E=[UR]
  ......   F=[D]
            G=[U]
            H=[D]

74 (1.7m)
  #.....   A=[RD]
  .A$#..   B=[U]
  .BC.#D   C=[R]
  .E.F@.   D=[D]
  .#.GH.   E=[R]
  ......   F=[UR]
            G=[U]
            H=[D]

--- Exit 8 (exhausted) ---
  elapsed:        102.342 s
  states checked: 157120 (shortcut 0, dedup 0)
  solver calls:   1090902
  shallow / recent: 5 / 5  (evicts 0 / 0)
  stack peak:     5
  best depth:     74  (verify 74 OK)

=== Backward search complete ===
Total elapsed:     102.34 s (cap 300.00 s)
Exits searched:    1 / 1
States checked:    157120
  pruned shortcut: 0
  pruned dedup:    0
Solver calls:      1090902
Best depth:        74  (exit 8)

  #.....   A=[RD]
  .A$#..   B=[U]
  .BC.#D   C=[R]
  .E.F@.   D=[D]
  .#.GH.   E=[R]
  ......   F=[UR]
            G=[U]
            H=[D]

Solver-call profile (by state depth):
  depth   calls       time(s)   %calls  %time   cum%time
    1           40      0.000     0.0%    0.0%     0.0%
    2           40      0.000     0.0%    0.0%     0.0%
    3           58      0.000     0.0%    0.0%     0.0%
    4           64      0.000     0.0%    0.0%     0.0%
    5           70      0.000     0.0%    0.0%     0.0%
    6           58      0.000     0.0%    0.0%     0.0%
    7           61      0.000     0.0%    0.0%     0.0%
    8           60      0.000     0.0%    0.0%     0.0%
    9         2567      0.001     0.2%    0.0%     0.0%
   10         2125      0.003     0.2%    0.0%     0.0%
   11         2241      0.003     0.2%    0.0%     0.0%
   12         1864      0.003     0.2%    0.0%     0.0%
   13         1922      0.005     0.2%    0.0%     0.0%
   14         1738      0.007     0.2%    0.0%     0.0%
   15         1763      0.011     0.2%    0.0%     0.0%
   16         1589      0.009     0.1%    0.0%     0.0%
   17        55114      0.027     5.1%    0.0%     0.1%
   18        42111      0.030     3.9%    0.0%     0.1%
   19        49723      0.031     4.6%    0.0%     0.1%
   20        27217      0.031     2.5%    0.0%     0.2%
   21        18371      0.025     1.7%    0.0%     0.2%
   22        10684      0.026     1.0%    0.0%     0.2%
   23         7968      0.021     0.7%    0.0%     0.2%
   24         4836      0.030     0.4%    0.0%     0.3%
   25        99408      0.362     9.1%    0.4%     0.6%
   26        62069      0.355     5.7%    0.3%     1.0%
   27        36864      0.395     3.4%    0.4%     1.3%
   28        27279      0.356     2.5%    0.3%     1.7%
   29        18842      0.359     1.7%    0.4%     2.0%
   30        12626      0.274     1.2%    0.3%     2.3%
   31         9292      0.236     0.9%    0.2%     2.5%
   32         6293      0.221     0.6%    0.2%     2.8%
   33        88319      4.321     8.1%    4.2%     7.0%
   34        57335      3.051     5.3%    3.0%    10.0%
   35        52571      3.454     4.8%    3.4%    13.3%
   36        29830      3.237     2.7%    3.2%    16.5%
   37        19974      3.010     1.8%    2.9%    19.5%
   38        11244      0.791     1.0%    0.8%    20.2%
   39         7660      0.723     0.7%    0.7%    20.9%
   40         5396      0.784     0.5%    0.8%    21.7%
   41        34150      4.112     3.1%    4.0%    25.7%
   42        25732      4.052     2.4%    4.0%    29.7%
   43        17236      2.355     1.6%    2.3%    32.0%
   44        13574      2.655     1.2%    2.6%    34.6%
   45         7842      1.206     0.7%    1.2%    35.8%
   46         6185      0.985     0.6%    1.0%    36.7%
   47         5424      1.182     0.5%    1.2%    37.9%
   48         2544      0.512     0.2%    0.5%    38.4%
   49        18000      2.560     1.7%    2.5%    40.9%
   50        18296      2.151     1.7%    2.1%    43.0%
   51         9745      1.298     0.9%    1.3%    44.3%
   52         8540      1.415     0.8%    1.4%    45.6%
   53         6347      1.257     0.6%    1.2%    46.9%
   54         4787      1.014     0.4%    1.0%    47.9%
   55         5084      1.121     0.5%    1.1%    49.0%
   56         3702      0.837     0.3%    0.8%    49.8%
   57        19261      6.235     1.8%    6.1%    55.9%
   58        13149      4.421     1.2%    4.3%    60.2%
   59        14033      3.955     1.3%    3.9%    64.1%
   60         7481      2.024     0.7%    2.0%    66.0%
   61         6375      2.424     0.6%    2.4%    68.4%
   62         3253      1.181     0.3%    1.2%    69.6%
   63         1385      0.335     0.1%    0.3%    69.9%
   64         1680      0.437     0.2%    0.4%    70.3%
   65         5346      2.016     0.5%    2.0%    72.3%
   66         7843      3.010     0.7%    2.9%    75.2%
   67         3374      0.914     0.3%    0.9%    76.1%
   68         4036      1.176     0.4%    1.2%    77.3%
   69         2771      0.792     0.3%    0.8%    78.1%
   70         4091      1.370     0.4%    1.3%    79.4%
   71         3604      0.804     0.3%    0.8%    80.2%
   72         2688      1.017     0.2%    1.0%    81.2%
   73        13030      7.394     1.2%    7.2%    88.4%
   74         6830      7.064     0.6%    6.9%    95.3%
   75         4864      2.482     0.4%    2.4%    97.7%
   76          719      1.368     0.1%    1.3%    99.1%
   77          615      0.944     0.1%    0.9%   100.0%
  total    1090902    102.264 s
