16 (0.0s)
  #....
  ..##.
  .#$#.
  .#.#.
  ...#@

--- Exit 12 (exhausted) ---
  elapsed:        0.000 s
  states checked: 76 (shortcut 0, dedup 2)
  accepted:       74  (walk-segment pruned before check: 29)
  solver calls:   74
  shallow / recent: 75 / 75  (evicts 0 / 0)
  stack peak:     6
  best depth:     16  (verify 16 OK)

=== Backward search complete ===
Total elapsed:     0.00 s (no time limit)
Exits searched:    1 / 1
States checked:    76
  pruned shortcut: 0
  pruned dedup:    2
Solver calls:      74
Best depth:        16  (exit 12)

  #....
  ..##.
  .#$#.
  .#.#.
  ...#@
