15 (0.1s)
  #$...
  ####.
  .....
  .####
  ....@

--- Exit 1 (exhausted) ---
  elapsed:        0.014 s
  states checked: 1394 (shortcut 0, dedup 0)
  accepted:       1394  (walk-segment pruned before check: 587)
  solver calls:   1394
  shallow / recent: 1395 / 1395  (evicts 0 / 0)
  stack peak:     11
  best depth:     15  (verify 15 OK)

=== Backward search complete ===
Total elapsed:     0.01 s (no time limit)
Exits searched:    1 / 1
States checked:    1394
  pruned shortcut: 0
  pruned dedup:    0
Solver calls:      1394
Best depth:        15  (exit 1)

  #$...
  ####.
  .....
  .####
  ....@
