14 (0.1s)
  ..$##
  .####
  .....
  ####.
  @....

--- Exit 2 (exhausted) ---
  elapsed:        0.011 s
  states checked: 691 (shortcut 0, dedup 4)
  accepted:       687  (walk-segment pruned before check: 301)
  solver calls:   687
  shallow / recent: 688 / 688  (evicts 0 / 0)
  stack peak:     11
  best depth:     14  (verify 14 OK)

=== Backward search complete ===
Total elapsed:     0.01 s (no time limit)
Exits searched:    1 / 1
States checked:    691
  pruned shortcut: 0
  pruned dedup:    4
Solver calls:      687
Best depth:        14  (exit 2)

  ..$##
  .####
  .....
  ####.
  @....
