32 (0.1s)
  O.$#@   A=[URL]
  .###.
  .....
  .A.#.
  ##...

--- Exit 2 (exhausted) ---
  elapsed:        0.086 s
  states checked: 37097 (shortcut 12756, dedup 383)
  accepted:       23958  (walk-segment pruned before check: 1800)
  solver calls:   36714
  shallow / recent: 36688 / 36688  (evicts 0 / 0)
  stack peak:     28
  best depth:     32  (verify 32 OK)

=== Backward search complete ===
Total elapsed:     0.09 s (no time limit)
Exits searched:    1 / 1
States checked:    37097
  pruned shortcut: 12756
  pruned dedup:    383
Solver calls:      36714
Best depth:        32  (exit 2)

  O.$#@   A=[URL]
  .###.
  .....
  .A.#.
  ##...
