46 (0.2s)
  ###..   A=[UDL]
  O$#..   B=[RDL]
  @##A.
  ...B.
  O....

--- Exit 6 (exhausted) ---
  elapsed:        0.216 s
  states checked: 371298 (shortcut 130149, dedup 7413)
  accepted:       233736  (walk-segment pruned before check: 13094)
  solver calls:   363885
  shallow / recent: 362962 / 362962  (evicts 0 / 0)
  stack peak:     49
  best depth:     46  (verify 46 OK)

=== Backward search complete ===
Total elapsed:     0.22 s (no time limit)
Exits searched:    1 / 1
States checked:    371298
  pruned shortcut: 130149
  pruned dedup:    7413
Solver calls:      363885
Best depth:        46  (exit 6)

  ###..   A=[UDL]
  O$#..   B=[RDL]
  @##A.
  ...B.
  O....
