26 (0.2s)
  .@#..   A=[R]
  .A$B.   B=[D]
  #.#..
  #..#.
  ##...

--- Exit 7 (exhausted) ---
  elapsed:        0.164 s
  states checked: 38574 (shortcut 13486, dedup 360)
  accepted:       24728  (walk-segment pruned before check: 2367)
  solver calls:   38214
  shallow / recent: 38203 / 38203  (evicts 0 / 0)
  stack peak:     25
  best depth:     26  (verify 26 OK)

=== Backward search complete ===
Total elapsed:     0.16 s (no time limit)
Exits searched:    1 / 1
States checked:    38574
  pruned shortcut: 13486
  pruned dedup:    360
Solver calls:      38214
Best depth:        26  (exit 7)

  .@#..   A=[R]
  .A$B.   B=[D]
  #.#..
  #..#.
  ##...
