58 (1.0s)
  O..##   A=[DL]
  @#$A.   B=[RD]
  .B.C.   C=[UDL]
  .##..
  .....

--- Exit 7 (exhausted) ---
  elapsed:        3.084 s
  states checked: 3171200 (shortcut 985790, dedup 151087)
  accepted:       2034323  (walk-segment pruned before check: 104950)
  solver calls:   3020113
  shallow / recent: 3002878 / 3002878  (evicts 0 / 0)
  stack peak:     64
  best depth:     58  (verify 58 OK)

=== Backward search complete ===
Total elapsed:     3.08 s (no time limit)
Exits searched:    1 / 1
States checked:    3171200
  pruned shortcut: 985790
  pruned dedup:    151087
Solver calls:      3020113
Best depth:        58  (exit 7)

  O..##   A=[DL]
  @#$A.   B=[RD]
  .B.C.   C=[UDL]
  .##..
  .....
