55 (0.8s)
  ..#@.   A=[D]
  .A.B.   B=[RDL]
  .C$#.   C=[UR]
  ..O..
  .....

--- Exit 12 (exhausted) ---
  elapsed:        0.777 s
  states checked: 610731 (shortcut 190621, dedup 29912)
  accepted:       390198  (walk-segment pruned before check: 18268)
  solver calls:   580819
  shallow / recent: 577786 / 577786  (evicts 0 / 0)
  stack peak:     60
  best depth:     55  (verify 55 OK)

=== Backward search complete ===
Total elapsed:     0.78 s (no time limit)
Exits searched:    1 / 1
States checked:    610731
  pruned shortcut: 190621
  pruned dedup:    29912
Solver calls:      580819
Best depth:        55  (exit 12)

  ..#@.   A=[D]
  .A.B.   B=[RDL]
  .C$#.   C=[UR]
  ..O..
  .....
