28 (0.1s)
  $#.A.   A=[L]
  ..BC.   B=[L]
  ..D..   C=[U]
  ##.#.   D=[U]
  @....

--- Exit 0 (exhausted) ---
  elapsed:        0.103 s
  states checked: 133071 (shortcut 71631, dedup 1761)
  accepted:       59679  (walk-segment pruned before check: 1135)
  solver calls:   131310
  shallow / recent: 131241 / 131241  (evicts 0 / 0)
  stack peak:     27
  best depth:     28  (verify 28 OK)

=== Backward search complete ===
Total elapsed:     0.10 s (no time limit)
Exits searched:    1 / 1
States checked:    133071
  pruned shortcut: 71631
  pruned dedup:    1761
Solver calls:      131310
Best depth:        28  (exit 0)

  $#.A.   A=[L]
  ..BC.   B=[L]
  ..D..   C=[U]
  ##.#.   D=[U]
  @....
