61 (1.1s)
  .$.AO   A=[L]
  #.#@.   B=[U]
  .BCD.   C=[RD]
  .E...   D=[DL]
  ...F.   E=[URL]
            F=[R]

62 (2.2s)
  .$.AO   A=[L]
  ##.B.   B=[L]
  .@CD.   C=[RL]
  .EF..   D=[U]
  ....#   E=[UR]
            F=[RD]

76 (7.8s)
  .$.O#   A=[UL]
  ##AB@   B=[L]
  ...C.   C=[UR]
  .DEF.   D=[UR]
  .....   E=[DL]
            F=[L]

82 (11.8s)
  .$AO#   A=[L]
  .#...   B=[UL]
  .B.C.   C=[L]
  .DEF.   D=[URD]
  #@...   E=[DL]
            F=[R]

90 (21.2s)
  .$AO#   A=[L]
  .#@..   B=[RDL]
  .BCD.   C=[URDL]
  E....   D=[L]
  ..F.#   E=[U]
            F=[R]

94 (1.2m)
  .$O@.   A=[UL]
  #A.B.   B=[DL]
  ..#..   C=[URDL]
  .CDE.   D=[UL]
  .....   E=[DL]

96 (1.5m)
  .$O@.   A=[UL]
  #A.B.   B=[DL]
  ..#..   C=[RDL]
  .CDE.   D=[URDL]
  .....   E=[RD]

100 (1.6m)
  .$O..   A=[UL]
  #ABC.   B=[RD]
  .@#..   C=[URD]
  .DE.F   D=[URDL]
  .....   E=[UL]
            F=[D]

107 (26.0m)
  O$.A.   A=[R]
  .BC@.   B=[UR]
  ...#.   C=[RL]
  .DEF.   D=[R]
  .....   E=[UDL]
            F=[DL]

108 (45.8m)
  #$#..   A=[R]
  OA@B.   B=[UDL]
  ...C.   C=[RL]
  .#DE.   D=[URD]
  .....   E=[RD]

--- Exit 1 (exhausted) ---
  elapsed:        2764.546 s
  states checked: 144891137 (shortcut 54989005, dedup 12216716)
  accepted:       77685416  (walk-segment pruned before check: 93096393)
  parent tables:  27872577 saved, 77537775 used as reference (36083361 with a puzzle delta), 49665198 states inherited an ancestor's; peak 58 live tables, 8.6 MB
  bulk walk-back: 13423772 multi-solves covering 65818953 starts (4.9/solve), 118 fallbacks
  solver calls:   80279240
  shallow / recent: 3102494 / 2033467  (evicts 86 / 76)
  stack peak:     283
  best depth:     108  (verify 108 OK)

=== Backward search complete ===
Total elapsed:     2764.55 s (no time limit)
Exits searched:    1 / 1
States checked:    144891137
  pruned shortcut: 54989005
  pruned dedup:    12216716
Solver calls:      80279240
Best depth:        108  (exit 1)

  #$#..   A=[R]
  OA@B.   B=[UDL]
  ...C.   C=[RL]
  .#DE.   D=[URD]
  .....   E=[RD]
