47 (1.0s)
  #.$O..   A=[U]
  @A.#.O   B=[RDL]
  .BCDEF   C=[U]
  .G..OO   D=[RL]
            E=[UL]
            F=[U]
            G=[R]

51 (3.1s)
  #.$OO.   A=[U]
  @A.#.O   B=[RDL]
  .BCDEF   C=[U]
  .G..OO   D=[URL]
            E=[U]
            F=[U]
            G=[R]

54 (6.6s)
  @#$O.O   A=[L]
  ..#OAO   B=[D]
  BCDEFG   C=[RD]
  OH..OO   D=[URL]
            E=[D]
            F=[UR]
            G=[U]
            H=[R]

63 (18.7s)
  #.$O.O   A=[U]
  @A.#..   B=[RDL]
  .BCDEF   C=[U]
  .G..OO   D=[URL]
            E=[URD]
            F=[U]
            G=[R]

68 (30.7s)
  O#$O@.   A=[R]
  .A.#BC   B=[RDL]
  DEFOG.   C=[D]
  O...HO   D=[U]
            E=[RD]
            F=[R]
            G=[URL]
            H=[L]

70 (6.3m)
  @O$#.O   A=[RD]
  ..#OA.   B=[D]
  BCDEFG   C=[RD]
  OH...O   D=[RD]
            E=[U]
            F=[UDL]
            G=[U]
            H=[R]

--- Exit 2 (exhausted) ---
  elapsed:        559.119 s
  states checked: 82289157 (shortcut 36734154, dedup 6659206)
  solver calls:   75629951
  shallow / recent: 3146990 / 2756000  (evicts 66 / 43)
  stack peak:     88
  best depth:     70  (verify 70 OK)

=== Backward search complete ===
Total elapsed:     559.12 s (no time limit)
Exits searched:    1 / 1
States checked:    82289157
  pruned shortcut: 36734154
  pruned dedup:    6659206
Solver calls:      75629951
Best depth:        70  (exit 2)

  @O$#.O   A=[RD]
  ..#OA.   B=[D]
  BCDEFG   C=[RD]
  OH...O   D=[RD]
            E=[U]
            F=[UDL]
            G=[U]
            H=[R]
