38 (1.1s)
  O#OA@   A=[L]
  .$#B.   B=[DL]
  C..DE   C=[U]
  OFGH.   D=[L]
  O..IO   E=[D]
            F=[U]
            G=[RD]
            H=[DL]
            I=[L]

42 (2.4s)
  O#OAO   A=[L]
  .$#B.   B=[UL]
  C..D.   C=[U]
  OEFGH   D=[L]
  @.I.O   E=[U]
            F=[RD]
            G=[UDL]
            H=[U]
            I=[R]

48 (4.0s)
  O#@..   A=[DL]
  .$#AB   B=[D]
  C.#..   C=[U]
  ODEF.   D=[U]
  O..GO   E=[UR]
            F=[DL]
            G=[L]

52 (9.5s)
  O#OAO   A=[L]
  .$#BO   B=[DL]
  .#.CD   C=[UR]
  E@F..   D=[U]
  O.G.O   E=[U]
            F=[UR]
            G=[R]

54 (23.7s)
  O##.O   A=[U]
  A$.BO   B=[DL]
  O#C..   C=[U]
  D@EFG   D=[U]
  O.H.O   E=[UR]
            F=[UR]
            G=[U]
            H=[R]

59 (30.6s)
  O#OAO   A=[L]
  B$#C.   B=[U]
  O#.D.   C=[UL]
  @.EFG   D=[L]
  O.H.O   E=[RDL]
            F=[UDL]
            G=[U]
            H=[R]

60 (1.4m)
  O#OAO   A=[L]
  B$#C.   B=[U]
  O#@..   C=[UDL]
  .DEFG   D=[UR]
  OO.HO   E=[DL]
            F=[DL]
            G=[D]
            H=[L]

61 (1.7m)
  O#OAO   A=[L]
  B$#CO   B=[U]
  O#OD.   C=[UDL]
  @EFGH   D=[UR]
  .I..O   E=[RD]
            F=[U]
            G=[UR]
            H=[U]
            I=[R]

62 (4.1m)
  #..AO   A=[L]
  O$#B.   B=[UL]
  @#.C.   C=[L]
  .D.EF   D=[RDL]
  O.G.O   E=[UDL]
            F=[U]
            G=[R]

64 (5.7m)
  ##OAO   A=[L]
  O$#BC   B=[UDL]
  O#@..   C=[U]
  .DEFG   D=[RD]
  OO.HO   E=[DL]
            F=[UL]
            G=[D]
            H=[L]

66 (6.4m)
  ##@..   A=[UDL]
  O$#AB   B=[D]
  O#OC.   C=[L]
  .DEF.   D=[RD]
  OO.GO   E=[DL]
            F=[UL]
            G=[L]

70 (11.1m)
  ##OAO   A=[L]
  #$#BC   B=[UDL]
  OD@..   C=[U]
  .EFGH   D=[R]
  OO.IO   E=[UR]
            F=[DL]
            G=[RDL]
            H=[D]
            I=[L]

72 (11.1m)
  ##@..   A=[UDL]
  #$#AB   B=[D]
  OCOD.   C=[R]
  .EFG.   D=[L]
  OO.HO   E=[UR]
            F=[DL]
            G=[RDL]
            H=[L]

--- Exit 6 (exhausted) ---
  elapsed:        727.982 s
  states checked: 72684153 (shortcut 32931547, dedup 6782174)
  solver calls:   65901979
  shallow / recent: 5132252 / 4395806  (evicts 20 / 18)
  stack peak:     84
  best depth:     72  (verify 72 OK)

=== Backward search complete ===
Total elapsed:     727.98 s (no time limit)
Exits searched:    1 / 1
States checked:    72684153
  pruned shortcut: 32931547
  pruned dedup:    6782174
Solver calls:      65901979
Best depth:        72  (exit 6)

  ##@..   A=[UDL]
  #$#AB   B=[D]
  OCOD.   C=[R]
  .EFG.   D=[L]
  OO.HO   E=[UR]
            F=[DL]
            G=[RDL]
            H=[L]
