17 (0.0s)
  #....   A=[R]
  ..##.
  .#$#.
  .#.#.
  ..A@.

--- Exit 12 (exhausted) ---
  elapsed:        0.002 s
  states checked: 1083 (shortcut 305, dedup 8)
  accepted:       770  (walk-segment pruned before check: 131)
  solver calls:   1075
  shallow / recent: 1077 / 1077  (evicts 0 / 0)
  stack peak:     14
  best depth:     17  (verify 17 OK)

=== Backward search complete ===
Total elapsed:     0.00 s (no time limit)
Exits searched:    1 / 1
States checked:    1083
  pruned shortcut: 305
  pruned dedup:    8
Solver calls:      1075
Best depth:        17  (exit 12)

  #....   A=[R]
  ..##.
  .#$#.
  .#.#.
  ..A@.
