15 (0.0s)
  ###..   A=[DL]
  .$#A@
  .##.#
  ..#..
  .....

--- Exit 6 (exhausted) ---
  elapsed:        0.004 s
  states checked: 6655 (shortcut 1989, dedup 2)
  accepted:       4664  (walk-segment pruned before check: 626)
  solver calls:   6653
  shallow / recent: 6656 / 6656  (evicts 0 / 0)
  stack peak:     20
  best depth:     15  (verify 15 OK)

=== Backward search complete ===
Total elapsed:     0.00 s (no time limit)
Exits searched:    1 / 1
States checked:    6655
  pruned shortcut: 1989
  pruned dedup:    2
Solver calls:      6653
Best depth:        15  (exit 6)

  ###..   A=[DL]
  .$#A@
  .##.#
  ..#..
  .....
