17 (0.1s)
  .$#..   A=[RD]
  .#.A.
  .#@#.
  ..#..
  #....

--- Exit 1 (exhausted) ---
  elapsed:        0.029 s
  states checked: 19888 (shortcut 7156, dedup 2)
  accepted:       12730  (walk-segment pruned before check: 1432)
  solver calls:   19886
  shallow / recent: 19889 / 19889  (evicts 0 / 0)
  stack peak:     20
  best depth:     17  (verify 17 OK)

=== Backward search complete ===
Total elapsed:     0.03 s (no time limit)
Exits searched:    1 / 1
States checked:    19888
  pruned shortcut: 7156
  pruned dedup:    2
Solver calls:      19886
Best depth:        17  (exit 1)

  .$#..   A=[RD]
  .#.A.
  .#@#.
  ..#..
  #....
