17 (0.0s)
  $#...   A=[DL]
  .#.#@
  .#..#
  ..#A.
  .....

--- Exit 0 (exhausted) ---
  elapsed:        0.026 s
  states checked: 9258 (shortcut 3678, dedup 0)
  accepted:       5580  (walk-segment pruned before check: 444)
  solver calls:   9258
  shallow / recent: 9259 / 9259  (evicts 0 / 0)
  stack peak:     20
  best depth:     17  (verify 17 OK)

=== Backward search complete ===
Total elapsed:     0.03 s (no time limit)
Exits searched:    1 / 1
States checked:    9258
  pruned shortcut: 3678
  pruned dedup:    0
Solver calls:      9258
Best depth:        17  (exit 0)

  $#...   A=[DL]
  .#.#@
  .#..#
  ..#A.
  .....
