20 (0.0s)
  O..##   A=[UL]
  @#$##
  ..###
  ...A.
  .....

--- Exit 7 (exhausted) ---
  elapsed:        0.007 s
  states checked: 14804 (shortcut 4746, dedup 48)
  accepted:       10010  (walk-segment pruned before check: 777)
  solver calls:   14756
  shallow / recent: 14760 / 14760  (evicts 0 / 0)
  stack peak:     25
  best depth:     20  (verify 20 OK)

=== Backward search complete ===
Total elapsed:     0.01 s (no time limit)
Exits searched:    1 / 1
States checked:    14804
  pruned shortcut: 4746
  pruned dedup:    48
Solver calls:      14756
Best depth:        20  (exit 7)

  O..##   A=[UL]
  @#$##
  ..###
  ...A.
  .....
