57 (0.4s)
  O.$##   A=[RD]
  @##..   B=[UDL]
  .A.B.
  .##..
  .....

--- Exit 2 (exhausted) ---
  elapsed:        0.356 s
  states checked: 347660 (shortcut 135371, dedup 7847)
  accepted:       204442  (walk-segment pruned before check: 10655)
  solver calls:   339813
  shallow / recent: 339084 / 339084  (evicts 0 / 0)
  stack peak:     43
  best depth:     57  (verify 57 OK)

=== Backward search complete ===
Total elapsed:     0.36 s (no time limit)
Exits searched:    1 / 1
States checked:    347660
  pruned shortcut: 135371
  pruned dedup:    7847
Solver calls:      339813
Best depth:        57  (exit 2)

  O.$##   A=[RD]
  @##..   B=[UDL]
  .A.B.
  .##..
  .....
