34 (0.1s)
  O..##   A=[RD]
  @#$##   B=[UL]
  ..###
  .A.B.
  .....

--- Exit 7 (exhausted) ---
  elapsed:        0.128 s
  states checked: 250401 (shortcut 88696, dedup 3525)
  accepted:       158180  (walk-segment pruned before check: 8179)
  solver calls:   246876
  shallow / recent: 246645 / 246645  (evicts 0 / 0)
  stack peak:     32
  best depth:     34  (verify 34 OK)

=== Backward search complete ===
Total elapsed:     0.13 s (no time limit)
Exits searched:    1 / 1
States checked:    250401
  pruned shortcut: 88696
  pruned dedup:    3525
Solver calls:      246876
Best depth:        34  (exit 7)

  O..##   A=[RD]
  @#$##   B=[UL]
  ..###
  .A.B.
  .....
