27 (0.1s)
  $.A..   A=[L]
  ..B#.   B=[U]
  ##.#.   C=[R]
  @.C..
  #...#

--- Exit 0 (exhausted) ---
  elapsed:        0.051 s
  states checked: 81457 (shortcut 42669, dedup 478)
  accepted:       38310  (walk-segment pruned before check: 910)
  solver calls:   80979
  shallow / recent: 80969 / 80969  (evicts 0 / 0)
  stack peak:     26
  best depth:     27  (verify 27 OK)

=== Backward search complete ===
Total elapsed:     0.05 s (no time limit)
Exits searched:    1 / 1
States checked:    81457
  pruned shortcut: 42669
  pruned dedup:    478
Solver calls:      80979
Best depth:        27  (exit 0)

  $.A..   A=[L]
  ..B#.   B=[U]
  ##.#.   C=[R]
  @.C..
  #...#
