58 (1.0s)
  O..##   A=[DL]
  @#$A.   B=[RD]
  .B.C.   C=[UDL]
  .##..
  .....

--- Exit 7 (exhausted) ---
  elapsed:        1.108 s
  states checked: 1394457 (shortcut 445619, dedup 61137)
  accepted:       887701  (walk-segment pruned before check: 57654)
  solver calls:   1333320
  shallow / recent: 1328052 / 1328052  (evicts 0 / 0)
  stack peak:     53
  best depth:     58  (verify 58 OK)

=== Backward search complete ===
Total elapsed:     1.11 s (no time limit)
Exits searched:    1 / 1
States checked:    1394457
  pruned shortcut: 445619
  pruned dedup:    61137
Solver calls:      1333320
Best depth:        58  (exit 7)

  O..##   A=[DL]
  @#$A.   B=[RD]
  .B.C.   C=[UDL]
  .##..
  .....
