55 (0.3s)
  ..#@.   A=[D]
  .A.B.   B=[RDL]
  .C$#.   C=[UR]
  ..O..
  .....

--- Exit 12 (exhausted) ---
  elapsed:        0.299 s
  states checked: 280154 (shortcut 88274, dedup 12346)
  accepted:       179534  (walk-segment pruned before check: 11585)
  solver calls:   267808
  shallow / recent: 266891 / 266891  (evicts 0 / 0)
  stack peak:     48
  best depth:     55  (verify 55 OK)

=== Backward search complete ===
Total elapsed:     0.30 s (no time limit)
Exits searched:    1 / 1
States checked:    280154
  pruned shortcut: 88274
  pruned dedup:    12346
Solver calls:      267808
Best depth:        55  (exit 12)

  ..#@.   A=[D]
  .A.B.   B=[RDL]
  .C$#.   C=[UR]
  ..O..
  .....
