74 (1.0s)
  .$O..   A=[UL]
  #....   B=[URDL]
  .A#..   C=[URD]
  .B.C.
  .@#..

86 (31.6s)
  O$#@.   A=[RL]
  O#...   B=[UDL]
  .AB..   C=[URDL]
  ...C.
  #...#

96 (36.7s)
  O$#..   A=[UDL]
  @#.A.   B=[RL]
  .B.C.   C=[RDL]
  .#...
  ....#

--- Exit 1 (exhausted) ---
  elapsed:        53.928 s
  states checked: 23331030 (shortcut 7665490, dedup 1467238)
  accepted:       14198302  (walk-segment pruned before check: 674279)
  solver calls:   21863792
  shallow / recent: 2637175 / 3213884  (evicts 13 / 11)
  stack peak:     83
  best depth:     96  (verify 96 OK)

=== Backward search complete ===
Total elapsed:     53.93 s (no time limit)
Exits searched:    1 / 1
States checked:    23331030
  pruned shortcut: 7665490
  pruned dedup:    1467238
Solver calls:      21863792
Best depth:        96  (exit 1)

  O$#..   A=[UDL]
  @#.A.   B=[RL]
  .B.C.   C=[RDL]
  .#...
  ....#
