44 (1.1s)
  .#...   A=[U]
  A$B..   B=[D]
  ..CD.   C=[R]
  #E#..   D=[D]
  @....   E=[UR]

50 (2.4s)
  .#@.#   A=[D]
  .$AB.   B=[UD]
  .CD..   C=[UR]
  E.#..   D=[UL]
  ....#   E=[D]

--- Exit 6 (exhausted) ---
  elapsed:        4.935 s
  states checked: 2252801 (shortcut 751417, dedup 153341)
  accepted:       1348043  (walk-segment pruned before check: 59966)
  solver calls:   2099460
  shallow / recent: 2083555 / 2083555  (evicts 0 / 0)
  stack peak:     47
  best depth:     50  (verify 50 OK)

=== Backward search complete ===
Total elapsed:     4.94 s (no time limit)
Exits searched:    1 / 1
States checked:    2252801
  pruned shortcut: 751417
  pruned dedup:    153341
Solver calls:      2099460
Best depth:        50  (exit 6)

  .#@.#   A=[D]
  .$AB.   B=[UD]
  .CD..   C=[UR]
  E.#..   D=[UL]
  ....#   E=[D]
